// Jest Snapshot v1, https://goo.gl/fbAQLP

exports[`RootLayoutコンポーネントSnapshot snapshot 1`] = `
<DocumentFragment>
  <div>
    Test Contents
  </div>
</DocumentFragment>
`;
