// Jest Snapshot v1, https://goo.gl/fbAQLP

exports[`@reactHookForm/Pageコンポーネントscreenshot snapshot 1`] = `
<DocumentFragment>
  <div
    class="MuiBox-root css-12b5rbz"
  >
    react hook form
  </div>
</DocumentFragment>
`;
